	Command being timed: "/hpcfs/fhome/caizhh/Desktop/03_Tool_Development/03_SeqMux/target/release/seqmux demux -i /hpcfs/fhome/caizhh/03_PCR_analysis/25_464469erdaimix/E260702007_L01_464469erdaimix_1.fq.gz -I /hpcfs/fhome/caizhh/03_PCR_analysis/25_464469erdaimix/E260702007_L01_464469erdaimix_2.fq.gz -b /hpcfs/fhome/caizhh/Desktop/03_Tool_Development/03_SeqMux/tests/fixtures/I464-469erdai_barcode_and_name.csv -o /hpcfs/fhome/caizhh/Desktop/03_Tool_Development/03_SeqMux/tmp/m17a_runs/i464_full_mimalloc -p i464_full -t 12 --compression-level 1 --force"
	User time (seconds): 1348.67
	System time (seconds): 25.28
	Percent of CPU this job got: 703%
	Elapsed (wall clock) time (h:mm:ss or m:ss): 3:15.23
	Average shared text size (kbytes): 0
	Average unshared data size (kbytes): 0
	Average stack size (kbytes): 0
	Average total size (kbytes): 0
	Maximum resident set size (kbytes): 477244
	Average resident set size (kbytes): 0
	Major (requiring I/O) page faults: 0
	Minor (reclaiming a frame) page faults: 2332440
	Voluntary context switches: 102820
	Involuntary context switches: 4035
	Swaps: 0
	File system inputs: 0
	File system outputs: 0
	Socket messages sent: 0
	Socket messages received: 0
	Signals delivered: 0
	Page size (bytes): 4096
	Exit status: 0
